// Jest Snapshot v1, https://goo.gl/fbAQLP

exports[`should render LoginPage correctly 1`] = `
Object {
  "asFragment": [Function],
  "baseElement": <body>
    <div>
      <div
        class="box-layout"
      >
        <div
          class="box-layout__box"
        >
          <h1
            class="box-layout__title"
          >
            Log in
          </h1>
          <form
            class="form"
          >
            <div
              class="input-group"
            >
              <input
                aria-label="username"
                class=".input-group__item text-input"
                id="username"
                name="username"
                placeholder="email"
                type="text"
              />
              <input
                aria-label="password"
                class=".input-group__item text-input"
                id="password"
                name="password"
                placeholder="password"
                type="password"
              />
              <button
                class=".input-group__item button"
                type="submit"
              >
                Log in
              </button>
            </div>
          </form>
        </div>
      </div>
    </div>
  </body>,
  "container": <div>
    <div
      class="box-layout"
    >
      <div
        class="box-layout__box"
      >
        <h1
          class="box-layout__title"
        >
          Log in
        </h1>
        <form
          class="form"
        >
          <div
            class="input-group"
          >
            <input
              aria-label="username"
              class=".input-group__item text-input"
              id="username"
              name="username"
              placeholder="email"
              type="text"
            />
            <input
              aria-label="password"
              class=".input-group__item text-input"
              id="password"
              name="password"
              placeholder="password"
              type="password"
            />
            <button
              class=".input-group__item button"
              type="submit"
            >
              Log in
            </button>
          </div>
        </form>
      </div>
    </div>
  </div>,
  "debug": [Function],
  "findAllByAltText": [Function],
  "findAllByDisplayValue": [Function],
  "findAllByLabelText": [Function],
  "findAllByPlaceholderText": [Function],
  "findAllByRole": [Function],
  "findAllByTestId": [Function],
  "findAllByText": [Function],
  "findAllByTitle": [Function],
  "findByAltText": [Function],
  "findByDisplayValue": [Function],
  "findByLabelText": [Function],
  "findByPlaceholderText": [Function],
  "findByRole": [Function],
  "findByTestId": [Function],
  "findByText": [Function],
  "findByTitle": [Function],
  "getAllByAltText": [Function],
  "getAllByDisplayValue": [Function],
  "getAllByLabelText": [Function],
  "getAllByPlaceholderText": [Function],
  "getAllByRole": [Function],
  "getAllByTestId": [Function],
  "getAllByText": [Function],
  "getAllByTitle": [Function],
  "getByAltText": [Function],
  "getByDisplayValue": [Function],
  "getByLabelText": [Function],
  "getByPlaceholderText": [Function],
  "getByRole": [Function],
  "getByTestId": [Function],
  "getByText": [Function],
  "getByTitle": [Function],
  "queryAllByAltText": [Function],
  "queryAllByDisplayValue": [Function],
  "queryAllByLabelText": [Function],
  "queryAllByPlaceholderText": [Function],
  "queryAllByRole": [Function],
  "queryAllByTestId": [Function],
  "queryAllByText": [Function],
  "queryAllByTitle": [Function],
  "queryByAltText": [Function],
  "queryByDisplayValue": [Function],
  "queryByLabelText": [Function],
  "queryByPlaceholderText": [Function],
  "queryByRole": [Function],
  "queryByTestId": [Function],
  "queryByText": [Function],
  "queryByTitle": [Function],
  "rerender": [Function],
  "unmount": [Function],
}
`;
